jstack  jstat   jstatd
-bash-4.4$ /weblogic/java/bin/jstat -gcutil 2403774 1000 10
  S0     S1     E      O      M     CCS    YGC     YGCT    FGC    FGCT     GCT
  0.00 100.00  58.77  27.15  93.43  93.08    106   16.557     1    0.366   16.922
  0.00 100.00  60.02  27.15  93.43  93.08    106   16.557     1    0.366   16.922
  0.00 100.00  60.65  27.15  93.43  93.08    106   16.557     1    0.366   16.922
  0.00 100.00  60.96  27.15  93.43  93.08    106   16.557     1    0.366   16.922
  0.00 100.00  62.21  27.15  93.43  93.08    106   16.557     1    0.366   16.922
  0.00 100.00  62.63  27.15  93.43  93.08    106   16.557     1    0.366   16.922
  0.00 100.00  63.05  27.15  93.43  93.08    106   16.557     1    0.366   16.922
  0.00 100.00  63.78  27.15  93.43  93.08    106   16.557     1    0.366   16.922
  0.00 100.00  64.30  27.15  93.43  93.08    106   16.557     1    0.366   16.922
  0.00 100.00  64.30  27.15  93.43  93.08    106   16.557     1    0.366   16.922
